🚀 FCE Reading Crawler — 26 test(s): [1, 2, 3, 4, 5, 6, 7, 8, 9, 10, 11, 12, 13, 14, 15, 16, 17, 18, 19, 20, 21, 22, 23, 24, 25, 26]

📥 Crawling test 1...
  ✅ Page 1: Part 1 (8 questions)
  ✅ Page 2: Part 2 (8 questions)
  ✅ Page 3: Part 3 (8 questions)
  ✅ Page 4: Part 4 (6 questions)
  ✅ Page 5: Part 5 (6 questions)
  ✅ Page 6: Part 6 (6 questions)
  ✅ Page 7: Part 7 (10 questions)
  ✅ Page 8: Answer Keys (51 answers)
  💾 Saved: D:\App-English-Ryan\Tainguyen\fce-reading-test1\exam\exam.json (67.9 KB)

📥 Crawling test 2...
  ✅ Page 1: Part 1 (8 questions)
  ✅ Page 2: Part 2 (8 questions)
  ✅ Page 3: Part 3 (8 questions)
  ✅ Page 4: Part 4 (6 questions)
  ✅ Page 5: Part 5 (6 questions)
  ✅ Page 6: Part 6 (6 questions)
  ✅ Page 7: Part 7 (10 questions)
  ✅ Page 8: Answer Keys (52 answers)
  💾 Saved: D:\App-English-Ryan\Tainguyen\fce-reading-test2\exam\exam.json (63.8 KB)

📥 Crawling test 3...
  ✅ Page 1: Part 1 (8 questions)
  ✅ Page 2: Part 2 (8 questions)
  ✅ Page 3: Part 3 (8 questions)
  ✅ Page 4: Part 4 (6 questions)
  ✅ Page 5: Part 5 (6 questions)
  ✅ Page 6: Part 6 (6 questions)
  ✅ Page 7: Part 7 (10 questions)
  ✅ Page 8: Answer Keys (52 answers)
  💾 Saved: D:\App-English-Ryan\Tainguyen\fce-reading-test3\exam\exam.json (67.9 KB)

📥 Crawling test 4...
  ✅ Page 1: Part 1 (8 questions)
  ✅ Page 2: Part 2 (8 questions)
  ✅ Page 3: Part 3 (8 questions)
  ✅ Page 4: Part 4 (6 questions)
  ✅ Page 5: Part 5 (6 questions)
  ✅ Page 6: Part 6 (6 questions)
  ✅ Page 7: Part 7 (10 questions)
  ✅ Page 8: Answer Keys (52 answers)
  💾 Saved: D:\App-English-Ryan\Tainguyen\fce-reading-test4\exam\exam.json (61.2 KB)

📥 Crawling test 5...
  ✅ Page 1: Part 1 (8 questions)
  ✅ Page 2: Part 2 (8 questions)
  ✅ Page 3: Part 3 (8 questions)
  ✅ Page 4: Part 4 (6 questions)
  ✅ Page 5: Part 5 (6 questions)
  ✅ Page 6: Part 6 (6 questions)
  ✅ Page 7: Part 7 (10 questions)
  ✅ Page 8: Answer Keys (52 answers)
  💾 Saved: D:\App-English-Ryan\Tainguyen\fce-reading-test5\exam\exam.json (61.2 KB)

📥 Crawling test 6...
  ✅ Page 1: Part 1 (8 questions)
  ✅ Page 2: Part 2 (8 questions)
  ✅ Page 3: Part 3 (8 questions)
  ✅ Page 4: Part 4 (6 questions)
  ✅ Page 5: Part 5 (6 questions)
  ✅ Page 6: Part 6 (6 questions)
  ✅ Page 7: Part 7 (10 questions)
  ✅ Page 8: Answer Keys (52 answers)
  💾 Saved: D:\App-English-Ryan\Tainguyen\fce-reading-test6\exam\exam.json (60.5 KB)

📥 Crawling test 7...
  ✅ Page 1: Part 1 (8 questions)
  ✅ Page 2: Part 2 (8 questions)
  ✅ Page 3: Part 3 (8 questions)
  ✅ Page 4: Part 4 (6 questions)
  ✅ Page 5: Part 5 (6 questions)
  ✅ Page 6: Part 6 (6 questions)
  ✅ Page 7: Part 7 (10 questions)
  ✅ Page 8: Answer Keys (51 answers)
  💾 Saved: D:\App-English-Ryan\Tainguyen\fce-reading-test7\exam\exam.json (64.0 KB)

📥 Crawling test 8...
  ✅ Page 1: Part 1 (8 questions)
  ✅ Page 2: Part 2 (8 questions)
  ✅ Page 3: Part 3 (8 questions)
  ✅ Page 4: Part 4 (6 questions)
  ✅ Page 5: Part 5 (6 questions)
  ✅ Page 6: Part 6 (6 questions)
  ✅ Page 7: Part 7 (10 questions)
  ✅ Page 8: Answer Keys (52 answers)
  💾 Saved: D:\App-English-Ryan\Tainguyen\fce-reading-test8\exam\exam.json (69.3 KB)

📥 Crawling test 9...
  ✅ Page 1: Part 1 (8 questions)
  ✅ Page 2: Part 2 (8 questions)
  ✅ Page 3: Part 3 (8 questions)
  ✅ Page 4: Part 4 (6 questions)
  ✅ Page 5: Part 5 (6 questions)
  ✅ Page 6: Part 6 (6 questions)
  ✅ Page 7: Part 7 (10 questions)
  ✅ Page 8: Answer Keys (52 answers)
  💾 Saved: D:\App-English-Ryan\Tainguyen\fce-reading-test9\exam\exam.json (62.6 KB)

📥 Crawling test 10...
  ✅ Page 1: Part 1 (8 questions)
  ✅ Page 2: Part 2 (8 questions)
  ✅ Page 3: Part 3 (8 questions)
  ✅ Page 4: Part 4 (6 questions)
  ✅ Page 5: Part 5 (6 questions)
  ✅ Page 6: Part 6 (6 questions)
  ✅ Page 7: Part 7 (10 questions)
  ✅ Page 8: Answer Keys (52 answers)
  💾 Saved: D:\App-English-Ryan\Tainguyen\fce-reading-test10\exam\exam.json (62.0 KB)

📥 Crawling test 11...
  ✅ Page 1: Part 1 (8 questions)
  ✅ Page 2: Part 2 (8 questions)
  ✅ Page 3: Part 3 (8 questions)
  ✅ Page 4: Part 4 (6 questions)
  ✅ Page 5: Part 5 (6 questions)
  ✅ Page 6: Part 6 (6 questions)
  ✅ Page 7: Part 7 (10 questions)
  ✅ Page 8: Answer Keys (52 answers)
  💾 Saved: D:\App-English-Ryan\Tainguyen\fce-reading-test11\exam\exam.json (62.0 KB)

📥 Crawling test 12...
  ✅ Page 1: Part 1 (8 questions)
  ✅ Page 2: Part 2 (8 questions)
  ✅ Page 3: Part 3 (8 questions)
  ✅ Page 4: Part 4 (6 questions)
  ✅ Page 5: Part 5 (6 questions)
  ✅ Page 6: Part 6 (6 questions)
  ✅ Page 7: Part 7 (10 questions)
  ✅ Page 8: Answer Keys (52 answers)
  💾 Saved: D:\App-English-Ryan\Tainguyen\fce-reading-test12\exam\exam.json (55.9 KB)

📥 Crawling test 13...
  ✅ Page 1: Part 1 (8 questions)
  ✅ Page 2: Part 2 (8 questions)
  ✅ Page 3: Part 3 (8 questions)
  ✅ Page 4: Part 4 (6 questions)
  ✅ Page 5: Part 5 (6 questions)
  ✅ Page 6: Part 6 (6 questions)
  ✅ Page 7: Part 7 (10 questions)
  ✅ Page 8: Answer Keys (52 answers)
  💾 Saved: D:\App-English-Ryan\Tainguyen\fce-reading-test13\exam\exam.json (56.4 KB)

📥 Crawling test 14...
  ✅ Page 1: Part 1 (8 questions)
  ✅ Page 2: Part 2 (8 questions)
  ✅ Page 3: Part 3 (8 questions)
  ✅ Page 4: Part 4 (6 questions)
  ✅ Page 5: Part 5 (6 questions)
  ✅ Page 6: Part 6 (6 questions)
  ✅ Page 7: Part 7 (10 questions)
  ✅ Page 8: Answer Keys (52 answers)
  💾 Saved: D:\App-English-Ryan\Tainguyen\fce-reading-test14\exam\exam.json (50.7 KB)

📥 Crawling test 15...
  ✅ Page 1: Part 1 (8 questions)
  ✅ Page 2: Part 2 (8 questions)
  ✅ Page 3: Part 3 (8 questions)
  ✅ Page 4: Part 4 (6 questions)
  ✅ Page 5: Part 5 (6 questions)
  ✅ Page 6: Part 6 (6 questions)
  ✅ Page 7: Part 7 (10 questions)
  ✅ Page 8: Answer Keys (52 answers)
  💾 Saved: D:\App-English-Ryan\Tainguyen\fce-reading-test15\exam\exam.json (65.2 KB)

📥 Crawling test 16...
  ✅ Page 1: Part 1 (8 questions)
  ✅ Page 2: Part 2 (8 questions)
  ✅ Page 3: Part 3 (8 questions)
  ✅ Page 4: Part 4 (6 questions)
  ✅ Page 5: Part 5 (6 questions)
  ✅ Page 6: Part 6 (6 questions)
  ✅ Page 7: Part 7 (10 questions)
  ✅ Page 8: Answer Keys (52 answers)
  💾 Saved: D:\App-English-Ryan\Tainguyen\fce-reading-test16\exam\exam.json (54.4 KB)

📥 Crawling test 17...
  ✅ Page 1: Part 1 (8 questions)
  ✅ Page 2: Part 2 (8 questions)
  ✅ Page 3: Part 3 (8 questions)
  ✅ Page 4: Part 4 (6 questions)
  ✅ Page 5: Part 5 (6 questions)
  ✅ Page 6: Part 6 (6 questions)
  ✅ Page 7: Part 7 (10 questions)
  ✅ Page 8: Answer Keys (52 answers)
  💾 Saved: D:\App-English-Ryan\Tainguyen\fce-reading-test17\exam\exam.json (54.7 KB)

📥 Crawling test 18...
  ✅ Page 1: Part 1 (8 questions)
  ✅ Page 2: Part 2 (8 questions)
  ✅ Page 3: Part 3 (8 questions)
  ✅ Page 4: Part 4 (6 questions)
  ✅ Page 5: Part 5 (6 questions)
  ✅ Page 6: Part 6 (6 questions)
  ✅ Page 7: Part 7 (10 questions)
  ✅ Page 8: Answer Keys (52 answers)
  💾 Saved: D:\App-English-Ryan\Tainguyen\fce-reading-test18\exam\exam.json (53.3 KB)

📥 Crawling test 19...
  ✅ Page 1: Part 1 (8 questions)
  ✅ Page 2: Part 2 (8 questions)
  ✅ Page 3: Part 3 (8 questions)
  ✅ Page 4: Part 4 (6 questions)
  ✅ Page 5: Part 5 (6 questions)
  ✅ Page 6: Part 6 (6 questions)
  ✅ Page 7: Part 7 (10 questions)
  ✅ Page 8: Answer Keys (52 answers)
  💾 Saved: D:\App-English-Ryan\Tainguyen\fce-reading-test19\exam\exam.json (50.3 KB)

📥 Crawling test 20...
  ✅ Page 1: Part 1 (8 questions)
  ✅ Page 2: Part 2 (8 questions)
  ✅ Page 3: Part 3 (8 questions)
  ✅ Page 4: Part 4 (6 questions)
  ✅ Page 5: Part 5 (6 questions)
  ✅ Page 6: Part 6 (6 questions)
  ✅ Page 7: Part 7 (10 questions)
  ✅ Page 8: Answer Keys (52 answers)
  💾 Saved: D:\App-English-Ryan\Tainguyen\fce-reading-test20\exam\exam.json (54.2 KB)

📥 Crawling test 21...
  ✅ Page 1: Part 1 (8 questions)
  ✅ Page 2: Part 2 (8 questions)
  ✅ Page 3: Part 3 (8 questions)
  ✅ Page 4: Part 4 (6 questions)
  ✅ Page 5: Part 5 (6 questions)
  ✅ Page 6: Part 6 (6 questions)
  ✅ Page 7: Part 7 (10 questions)
  ✅ Page 8: Answer Keys (52 answers)
  💾 Saved: D:\App-English-Ryan\Tainguyen\fce-reading-test21\exam\exam.json (53.5 KB)

📥 Crawling test 22...
  ✅ Page 1: Part 1 (8 questions)
  ✅ Page 2: Part 2 (8 questions)
  ✅ Page 3: Part 3 (8 questions)
  ✅ Page 4: Part 4 (6 questions)
  ✅ Page 5: Part 5 (6 questions)
  ✅ Page 6: Part 6 (6 questions)
  ✅ Page 7: Part 7 (10 questions)
  ✅ Page 8: Answer Keys (52 answers)
  💾 Saved: D:\App-English-Ryan\Tainguyen\fce-reading-test22\exam\exam.json (53.6 KB)

📥 Crawling test 23...
  ✅ Page 1: Part 1 (8 questions)
  ✅ Page 2: Part 2 (8 questions)
  ✅ Page 3: Part 3 (8 questions)
  ✅ Page 4: Part 4 (6 questions)
  ✅ Page 5: Part 5 (6 questions)
  ✅ Page 6: Part 6 (6 questions)
  ✅ Page 7: Part 7 (10 questions)
  ✅ Page 8: Answer Keys (52 answers)
  💾 Saved: D:\App-English-Ryan\Tainguyen\fce-reading-test23\exam\exam.json (53.5 KB)

📥 Crawling test 24...
  ✅ Page 1: Part 1 (8 questions)
  ✅ Page 2: Part 2 (8 questions)
  ✅ Page 3: Part 3 (8 questions)
  ✅ Page 4: Part 4 (6 questions)
  ✅ Page 5: Part 5 (6 questions)
  ✅ Page 6: Part 6 (6 questions)
  ✅ Page 7: Part 7 (10 questions)
  ✅ Page 8: Answer Keys (52 answers)
  💾 Saved: D:\App-English-Ryan\Tainguyen\fce-reading-test24\exam\exam.json (53.4 KB)

📥 Crawling test 25...
  ✅ Page 1: Part 1 (8 questions)
  ✅ Page 2: Part 2 (8 questions)
  ✅ Page 3: Part 3 (8 questions)
  ✅ Page 4: Part 4 (6 questions)
  ✅ Page 5: Part 5 (6 questions)
  ✅ Page 6: Part 6 (6 questions)
  ✅ Page 7: Part 7 (10 questions)
  ✅ Page 8: Answer Keys (52 answers)
  💾 Saved: D:\App-English-Ryan\Tainguyen\fce-reading-test25\exam\exam.json (50.1 KB)

📥 Crawling test 26...
  ✅ Page 1: Part 1 (8 questions)
  ✅ Page 2: Part 2 (8 questions)
  ✅ Page 3: Part 3 (8 questions)
  ✅ Page 4: Part 4 (6 questions)
  ✅ Page 5: Part 5 (6 questions)
  ✅ Page 6: Part 6 (6 questions)
  ✅ Page 7: Part 7 (10 questions)
  ✅ Page 8: Answer Keys (52 answers)
  💾 Saved: D:\App-English-Ryan\Tainguyen\fce-reading-test26\exam\exam.json (50.4 KB)

✅ Crawl complete!

📂 Output: D:\App-English-Ryan\Tainguyen\fce-reading-test{N}\exam\exam.json
