[ -260552ms] [LOG] Service worker registration succeeded. Scope:  https://ceq.inspera.com/player/ , State:  installing @ https://d133zon9jtcf53.cloudfront.net/testplayer/lib/trackjs/3.7.6/t.js:12
[ -260551ms] [LOG] controllerchange Event @ https://d133zon9jtcf53.cloudfront.net/testplayer/lib/trackjs/3.7.6/t.js:12
[ -260535ms] [LOG] ALL BASE RESOURCES LOADED @ https://d133zon9jtcf53.cloudfront.net/testplayer/lib/trackjs/3.7.6/t.js:12
[ -260052ms] [LOG] CacheHandler used:  serviceWorkerCacheHandler @ https://d133zon9jtcf53.cloudfront.net/testplayer/lib/trackjs/3.7.6/t.js:12
[ -259496ms] [LOG] preloading 160270324 with 11 pages left @ https://d133zon9jtcf53.cloudfront.net/testplayer/lib/trackjs/3.7.6/t.js:12
[ -259496ms] [LOG] no pre rendering needed @ https://d133zon9jtcf53.cloudfront.net/testplayer/lib/trackjs/3.7.6/t.js:12
[ -259443ms] [LOG] GENERAL_RESOURCES_CACHE: OK @ https://d133zon9jtcf53.cloudfront.net/testplayer/lib/trackjs/3.7.6/t.js:12
[ -259443ms] [LOG] VIEW_READY: SUCCESS @ https://d133zon9jtcf53.cloudfront.net/testplayer/lib/trackjs/3.7.6/t.js:12
[ -258969ms] [LOG] preloading 143495397 with 10 pages left @ https://d133zon9jtcf53.cloudfront.net/testplayer/lib/trackjs/3.7.6/t.js:12
[ -258969ms] [LOG] no pre rendering needed @ https://d133zon9jtcf53.cloudfront.net/testplayer/lib/trackjs/3.7.6/t.js:12
[ -258457ms] [LOG] preloading 143575914 with 9 pages left @ https://d133zon9jtcf53.cloudfront.net/testplayer/lib/trackjs/3.7.6/t.js:12
[ -258457ms] [LOG] no pre rendering needed @ https://d133zon9jtcf53.cloudfront.net/testplayer/lib/trackjs/3.7.6/t.js:12
[ -257952ms] [LOG] preloading 144327780 with 8 pages left @ https://d133zon9jtcf53.cloudfront.net/testplayer/lib/trackjs/3.7.6/t.js:12
[ -257952ms] [LOG] no pre rendering needed @ https://d133zon9jtcf53.cloudfront.net/testplayer/lib/trackjs/3.7.6/t.js:12
[ -257442ms] [LOG] preloading 144327782 with 7 pages left @ https://d133zon9jtcf53.cloudfront.net/testplayer/lib/trackjs/3.7.6/t.js:12
[ -257442ms] [LOG] no pre rendering needed @ https://d133zon9jtcf53.cloudfront.net/testplayer/lib/trackjs/3.7.6/t.js:12
[ -256936ms] [LOG] preloading 143372121 with 6 pages left @ https://d133zon9jtcf53.cloudfront.net/testplayer/lib/trackjs/3.7.6/t.js:12
[ -256936ms] [LOG] no pre rendering needed @ https://d133zon9jtcf53.cloudfront.net/testplayer/lib/trackjs/3.7.6/t.js:12
[ -255921ms] [LOG] preloading 143372133 with 5 pages left @ https://d133zon9jtcf53.cloudfront.net/testplayer/lib/trackjs/3.7.6/t.js:12
[ -255921ms] [LOG] no pre rendering needed @ https://d133zon9jtcf53.cloudfront.net/testplayer/lib/trackjs/3.7.6/t.js:12
[ -254922ms] [LOG] preloading 143372143 with 4 pages left @ https://d133zon9jtcf53.cloudfront.net/testplayer/lib/trackjs/3.7.6/t.js:12
[ -254922ms] [LOG] no pre rendering needed @ https://d133zon9jtcf53.cloudfront.net/testplayer/lib/trackjs/3.7.6/t.js:12
[ -253926ms] [LOG] preloading 143372148 with 3 pages left @ https://d133zon9jtcf53.cloudfront.net/testplayer/lib/trackjs/3.7.6/t.js:12
[ -253926ms] [LOG] no pre rendering needed @ https://d133zon9jtcf53.cloudfront.net/testplayer/lib/trackjs/3.7.6/t.js:12
[ -252927ms] [LOG] preloading 143576064 with 2 pages left @ https://d133zon9jtcf53.cloudfront.net/testplayer/lib/trackjs/3.7.6/t.js:12
[ -252927ms] [LOG] no pre rendering needed @ https://d133zon9jtcf53.cloudfront.net/testplayer/lib/trackjs/3.7.6/t.js:12
[ -251926ms] [LOG] preloading 145439429 with 1 pages left @ https://d133zon9jtcf53.cloudfront.net/testplayer/lib/trackjs/3.7.6/t.js:12
[ -251926ms] [LOG] wait short time @ https://d133zon9jtcf53.cloudfront.net/testplayer/lib/trackjs/3.7.6/t.js:12
[ -245923ms] [LOG] preloading 143576368 with 0 pages left @ https://d133zon9jtcf53.cloudfront.net/testplayer/lib/trackjs/3.7.6/t.js:12
[ -245923ms] [LOG] no pre rendering needed @ https://d133zon9jtcf53.cloudfront.net/testplayer/lib/trackjs/3.7.6/t.js:12
[  187879ms] [LOG] VIEW_READY: SUCCESS @ https://d133zon9jtcf53.cloudfront.net/testplayer/lib/trackjs/3.7.6/t.js:12
[  229693ms] [LOG] VIEW_READY: SUCCESS @ https://d133zon9jtcf53.cloudfront.net/testplayer/lib/trackjs/3.7.6/t.js:12
[  231093ms] [LOG] VIEW_READY: SUCCESS @ https://d133zon9jtcf53.cloudfront.net/testplayer/lib/trackjs/3.7.6/t.js:12
[  233110ms] [LOG] VIEW_READY: SUCCESS @ https://d133zon9jtcf53.cloudfront.net/testplayer/lib/trackjs/3.7.6/t.js:12
[  235094ms] [LOG] VIEW_READY: SUCCESS @ https://d133zon9jtcf53.cloudfront.net/testplayer/lib/trackjs/3.7.6/t.js:12
[  237096ms] [LOG] VIEW_READY: SUCCESS @ https://d133zon9jtcf53.cloudfront.net/testplayer/lib/trackjs/3.7.6/t.js:12
[ 1988810ms] [LOG] VIEW_READY: SUCCESS @ https://d133zon9jtcf53.cloudfront.net/testplayer/lib/trackjs/3.7.6/t.js:12
